content="We could say this painting was created with a childlike and spontaneous flair, reminiscent of the uninhibited creativity often associated with young artists."
