content="The artwork appears to lack depth and sophistication, resembling the work of a young and inexperienced artist."
